
> react-ecommerce@0.1.0 build
> react-scripts build

Creating an optimized production build...
node.exe : 
Browserslist: 
caniuse-lite is 
outdated. Please run:
At C:\Program Files\nod
ejs\npm.ps1:29 char:3
+   & $NODE_EXE 
$NPM_CLI_JS $args
+   ~~~~~~~~~~~~~~~~~~~
~~~~~~~~~~
    + CategoryInfo     
         : NotSpecifi  
  ed: (Browserslist:   
  c...ed. Please ru    
n::String) [], Rem    
oteException
    + FullyQualifiedEr 
   rorId : NativeComm  
  andError
 
  npx update-browsersli
st-db@latest
  Why you should do it 
regularly: https://gith
ub.com/browserslist/upd
ate-db#readme
Browserslist: 
caniuse-lite is 
outdated. Please run:
  npx update-browsersli
st-db@latest
  Why you should do it 
regularly: https://gith
ub.com/browserslist/upd
ate-db#readme

Treating warnings as errors because process.env.CI = true.
Most CI servers set it automatically.

Failed to compile.

[eslint] 
src\app\pages\Admin\Dashboard.jsx
  Line 79:6:  React Hook useEffect has a missing dependency: 'singleUser'. Either include it or remove the dependency array  react-hooks/exhaustive-deps

src\app\pages\AllProducts\AllProductList.jsx
  Line 11:8:  'ProductCardLoader' is defined but never used  no-unused-vars

src\app\pages\MyOrders\MyOrder.jsx
  Line 7:21:  'FaCalendarAlt' is defined but never used  no-unused-vars

src\app\pages\PDP\ProductDetail.jsx
  Line 2:10:  'Link' is defined but never used               no-unused-vars
  Line 11:8:  'ProductCardLoader' is defined but never used  no-unused-vars


